com/betrybe/agrix/ebytr/staff/controllers/FarmController.class
com/betrybe/agrix/ebytr/staff/service/CropService.class
com/betrybe/agrix/ebytr/staff/controllers/dtos/CropDto.class
com/betrybe/agrix/ebytr/staff/controllers/FertilizerController.class
com/betrybe/agrix/ebytr/staff/models/entity/Fertilizer.class
com/betrybe/agrix/ebytr/staff/models/entity/Person.class
com/betrybe/agrix/ebytr/staff/controllers/CropController.class
com/betrybe/agrix/ebytr/staff/models/entity/Farm.class
com/betrybe/agrix/ebytr/staff/controllers/dtos/FarmDto.class
com/betrybe/agrix/ebytr/staff/models/entity/repository/FarmRepository.class
com/betrybe/agrix/ebytr/staff/service/FarmService.class
com/betrybe/agrix/AgrixApplication.class
com/betrybe/agrix/ebytr/staff/controllers/dtos/FertilizerDto.class
com/betrybe/agrix/ebytr/staff/service/FertilizerService.class
com/betrybe/agrix/ebytr/staff/models/entity/repository/CropRepository.class
com/betrybe/agrix/ebytr/staff/security/Role.class
com/betrybe/agrix/ebytr/staff/service/PersonService.class
com/betrybe/agrix/ebytr/staff/models/entity/repository/PersonRepository.class
com/betrybe/agrix/ebytr/staff/models/entity/repository/FertilizerRepository.class
com/betrybe/agrix/ebytr/staff/exception/PersonNotFoundException.class
com/betrybe/agrix/ebytr/staff/models/entity/Crop.class
