/home/yago/Trybe/Trybe-Projetos/Java/java-031-java-projeto-final-agrix-fase-b/src/main/java/com/betrybe/agrix/ebytr/staff/security/Role.java
/home/yago/Trybe/Trybe-Projetos/Java/java-031-java-projeto-final-agrix-fase-b/src/main/java/com/betrybe/agrix/ebytr/staff/controllers/CropController.java
/home/yago/Trybe/Trybe-Projetos/Java/java-031-java-projeto-final-agrix-fase-b/src/main/java/com/betrybe/agrix/ebytr/staff/models/entity/repository/CropRepository.java
/home/yago/Trybe/Trybe-Projetos/Java/java-031-java-projeto-final-agrix-fase-b/src/main/java/com/betrybe/agrix/ebytr/staff/controllers/dtos/FertilizerDto.java
/home/yago/Trybe/Trybe-Projetos/Java/java-031-java-projeto-final-agrix-fase-b/src/main/java/com/betrybe/agrix/ebytr/staff/models/entity/Fertilizer.java
/home/yago/Trybe/Trybe-Projetos/Java/java-031-java-projeto-final-agrix-fase-b/src/main/java/com/betrybe/agrix/ebytr/staff/controllers/FarmController.java
/home/yago/Trybe/Trybe-Projetos/Java/java-031-java-projeto-final-agrix-fase-b/src/main/java/com/betrybe/agrix/ebytr/staff/models/entity/Crop.java
/home/yago/Trybe/Trybe-Projetos/Java/java-031-java-projeto-final-agrix-fase-b/src/main/java/com/betrybe/agrix/ebytr/staff/models/entity/Farm.java
/home/yago/Trybe/Trybe-Projetos/Java/java-031-java-projeto-final-agrix-fase-b/src/main/java/com/betrybe/agrix/ebytr/staff/models/entity/repository/PersonRepository.java
/home/yago/Trybe/Trybe-Projetos/Java/java-031-java-projeto-final-agrix-fase-b/src/main/java/com/betrybe/agrix/ebytr/staff/models/entity/repository/FertilizerRepository.java
/home/yago/Trybe/Trybe-Projetos/Java/java-031-java-projeto-final-agrix-fase-b/src/main/java/com/betrybe/agrix/ebytr/staff/models/entity/repository/FarmRepository.java
/home/yago/Trybe/Trybe-Projetos/Java/java-031-java-projeto-final-agrix-fase-b/src/main/java/com/betrybe/agrix/ebytr/staff/service/FarmService.java
/home/yago/Trybe/Trybe-Projetos/Java/java-031-java-projeto-final-agrix-fase-b/src/main/java/com/betrybe/agrix/ebytr/staff/service/PersonService.java
/home/yago/Trybe/Trybe-Projetos/Java/java-031-java-projeto-final-agrix-fase-b/src/main/java/com/betrybe/agrix/ebytr/staff/controllers/FertilizerController.java
/home/yago/Trybe/Trybe-Projetos/Java/java-031-java-projeto-final-agrix-fase-b/src/main/java/com/betrybe/agrix/ebytr/staff/controllers/dtos/FarmDto.java
/home/yago/Trybe/Trybe-Projetos/Java/java-031-java-projeto-final-agrix-fase-b/src/main/java/com/betrybe/agrix/ebytr/staff/models/entity/Person.java
/home/yago/Trybe/Trybe-Projetos/Java/java-031-java-projeto-final-agrix-fase-b/src/main/java/com/betrybe/agrix/AgrixApplication.java
/home/yago/Trybe/Trybe-Projetos/Java/java-031-java-projeto-final-agrix-fase-b/src/main/java/com/betrybe/agrix/ebytr/staff/service/FertilizerService.java
/home/yago/Trybe/Trybe-Projetos/Java/java-031-java-projeto-final-agrix-fase-b/src/main/java/com/betrybe/agrix/ebytr/staff/exception/PersonNotFoundException.java
/home/yago/Trybe/Trybe-Projetos/Java/java-031-java-projeto-final-agrix-fase-b/src/main/java/com/betrybe/agrix/ebytr/staff/service/CropService.java
/home/yago/Trybe/Trybe-Projetos/Java/java-031-java-projeto-final-agrix-fase-b/src/main/java/com/betrybe/agrix/ebytr/staff/controllers/dtos/CropDto.java
