com/betrybe/museumfinder/dto/CollectionTypeCount.class
com/betrybe/museumfinder/exception/InvalidCoordinateException.class
com/betrybe/museumfinder/util/CoordinateUtil.class
com/betrybe/museumfinder/model/Coordinate.class
com/betrybe/museumfinder/controller/CollectionTypeController.class
com/betrybe/museumfinder/service/CollectionTypeService.class
com/betrybe/museumfinder/controller/MuseumController.class
com/betrybe/museumfinder/util/MuseumLoader$1.class
com/betrybe/museumfinder/util/ModelDtoConverter.class
com/betrybe/museumfinder/MuseumFinderApplication.class
com/betrybe/museumfinder/database/MuseumFakeDatabase.class
com/betrybe/museumfinder/service/MuseumService.class
com/betrybe/museumfinder/service/MuseumServiceInterface.class
com/betrybe/museumfinder/util/MuseumLoader.class
com/betrybe/museumfinder/dto/MuseumDto.class
com/betrybe/museumfinder/exception/MuseumNotFoundException.class
com/betrybe/museumfinder/model/Museum.class
com/betrybe/museumfinder/advice/GeneralControllerAdvice.class
com/betrybe/museumfinder/dto/MuseumCreationDto.class
